// Jest Snapshot v1, https://goo.gl/fbAQLP

exports[`<BlockSaveWrapper /> snapshot 1`] = `
<div
  style={
    Object {
      "padding": "0 15px",
    }
  }
/>
`;
